// Jest Snapshot v1, https://goo.gl/fbAQLP

exports[`<Banner /> should render correctly 1`] = `
.c1 {
  margin-left: auto;
  margin-right: auto;
}

.c0 {
  position: relative;
  width: 100vw;
  overflow: hidden;
}

.c2 {
  display: -webkit-box;
  display: -webkit-flex;
  display: -ms-flexbox;
  display: flex;
  -webkit-align-items: center;
  -webkit-box-align: center;
  -ms-flex-align: center;
  align-items: center;
  height: calc(100vh - 6.5rem);
}

.c3 {
  font-weight: bold;
  text-transform: uppercase;
  position: relative;
  z-index: 10;
}

.c3 .smaller {
  display: block;
}

.c3 .highlight {
  position: relative;
  display: inline-block;
}

.c3 .highlight:before {
  content: '';
  width: 100%;
  background-color: #DBA14B;
  display: block;
  position: absolute;
  -webkit-transform: rotate(0.5deg);
  -ms-transform: rotate(0.5deg);
  transform: rotate(0.5deg);
  -webkit-animation: jMtaET 0.5s ease;
  animation: jMtaET 0.5s ease;
  pointer-events: none;
}

@media (max-width:46rem) {
  .c1 {
    width: 90%;
    max-width: 46rem;
  }
}

@media (min-width:46.0625rem) and (max-width:64rem) {
  .c1 {
    width: 88%;
    max-width: 64rem;
  }
}

@media (min-width:64.0625rem) {
  .c1 {
    width: 90%;
    max-width: 64.0625rem;
  }
}

@media (min-width:46.0625rem) {
  .c2 {
    min-height: 41.25rem;
  }
}

@media (max-width:46rem) {
  .c2 {
    -webkit-flex-direction: column;
    -ms-flex-direction: column;
    flex-direction: column;
    -webkit-box-pack: center;
    -webkit-justify-content: center;
    -ms-flex-pack: center;
    justify-content: center;
    gap: 1.5rem;
  }
}

@media (min-width:64.0625rem) {
  .c3 {
    font-size: 3.625rem;
    line-height: 5.5rem;
    -webkit-letter-spacing: 0.05em;
    -moz-letter-spacing: 0.05em;
    -ms-letter-spacing: 0.05em;
    letter-spacing: 0.05em;
  }

  .c3 .smaller {
    -webkit-letter-spacing: -0.02em;
    -moz-letter-spacing: -0.02em;
    -ms-letter-spacing: -0.02em;
    letter-spacing: -0.02em;
    font-size: 4rem;
  }
}

@media (min-width:46.0625rem) and (max-width:64rem) {
  .c3 {
    line-height: 4rem;
    -webkit-letter-spacing: -0.04em;
    -moz-letter-spacing: -0.04em;
    -ms-letter-spacing: -0.04em;
    letter-spacing: -0.04em;
    font-size: 3rem;
  }

  .c3 .smaller {
    -webkit-letter-spacing: -0.06em;
    -moz-letter-spacing: -0.06em;
    -ms-letter-spacing: -0.06em;
    letter-spacing: -0.06em;
    font-size: 3rem;
  }
}

@media (max-width:46rem) {
  .c3 {
    line-height: 3rem;
    -webkit-letter-spacing: -0.04em;
    -moz-letter-spacing: -0.04em;
    -ms-letter-spacing: -0.04em;
    letter-spacing: -0.04em;
    text-align: center;
    font-size: 2rem;
  }

  .c3 .smaller {
    -webkit-letter-spacing: -0.06em;
    -moz-letter-spacing: -0.06em;
    -ms-letter-spacing: -0.06em;
    letter-spacing: -0.06em;
    font-size: 2rem;
  }
}

@media (min-width:64.0625rem) {
  .c3 .highlight:before {
    height: 0.375rem;
    bottom: 0.3125rem;
  }
}

@media (max-width:64rem) {
  .c3 .highlight:before {
    height: 0.25rem;
    bottom: 0.125rem;
  }
}

@media (min-width:46.0625rem) {
  .c4 {
    position: absolute;
    left: calc(65vw);
  }
}

@media (max-width:46rem) {

}

@media (min-width:46.0625rem) {
  .c4 svg {
    max-height: calc(100vh - 6.5rem);
    width: 31.25rem;
  }
}

@media (max-width:46rem) {
  .c4 svg {
    width: 90%;
  }
}

<section
  class="c0"
>
  <div
    class="c1"
  >
    <div
      class="c2"
    >
      <p
        class="c3"
      >
        We 
        <span
          class="highlight"
        >
          boost businesses
        </span>
         
        <span
          class="smaller"
        >
          through technology
        </span>
      </p>
      <div
        class="c4"
      >
        <svg
          fill="none"
          viewBox="0 0 506 518"
          xmlns="http://www.w3.org/2000/svg"
        >
          <g
            clip-path="url(#a)"
          >
            <path
              d="M74.394 376.638c41.087 0 74.394-19.263 74.394-43.025 0-23.762-33.307-43.025-74.394-43.025S0 309.851 0 333.613c0 23.762 33.307 43.025 74.394 43.025z"
              fill="#D6D8E5"
              opacity=".15"
            />
            <path
              d="M73.536 353.007c22.916 0 41.494-10.743 41.494-23.994 0-13.252-18.578-23.994-41.494-23.994-22.917 0-41.495 10.742-41.495 23.994 0 13.251 18.578 23.994 41.495 23.994z"
              fill="#EDEFF9"
              opacity=".5"
            />
            <path
              d="M73.143 327.345c6.534 0 11.832-3.066 11.832-6.848s-5.298-6.848-11.832-6.848c-6.535 0-11.832 3.066-11.832 6.848s5.297 6.848 11.832 6.848z"
              fill="#EDEFF9"
            />
            <path
              d="M84.912 229.712H62.16v89.573h22.754v-89.573z"
              fill="#EDEFF9"
            />
            <path
              d="M61.073 228.697s.62 18.42 13.704 51.458c0 0 12.183-26.604 13.445-52.017 1.262-25.413-27.15.559-27.15.559z"
              fill="#DBA14B"
            />
            <path
              d="M45.094 159.347 14.82 188.852l-3.6 38.529 36.613-18.389 6.661-46.993-9.401-2.652zm59.366 0 30.262 29.505 3.61 38.529-36.747-19.663-6.526-45.719 9.401-2.652z"
              fill="#234A6B"
            />
            <path
              d="M74.394 233.349c8.311 0 15.049-3.897 15.049-8.703 0-4.806-6.738-8.702-15.049-8.702-8.31 0-15.048 3.896-15.048 8.702s6.737 8.703 15.048 8.703z"
              fill="#424956"
            />
            <path
              d="M51.578 215.944v-7.832h45.58v8.122l-45.58-.29z"
              fill="#494949"
            />
            <path
              d="M74.394 229.132c12.6 0 22.816-5.909 22.816-13.199 0-7.289-10.215-13.198-22.816-13.198-12.6 0-22.816 5.909-22.816 13.198 0 7.29 10.215 13.199 22.816 13.199z"
              fill="#2B303F"
            />
            <path
              d="M74.322 220.15c15.377 0 27.842-7.208 27.842-16.099 0-8.892-12.465-16.1-27.842-16.1-15.377 0-27.842 7.208-27.842 16.1 0 8.891 12.465 16.099 27.842 16.099z"
              fill="#EDEFF9"
            />
            <path
              d="M104.388 175.374v6.91c0 1.399-.073 2.735-.125 4.041 0 1.626-.113 3.17-.196 4.651-.083 1.482-.155 2.932-.259 4.269-.424 5.853-.413 10.163-1.137 11.851-3.94 9.231-17.272 4.144-23.85.829-2.43-1.222-4.034-2.227-4.034-2.227h-.6s-1.903 1.036-4.716 2.155c-6.899 2.797-19.196 7.759-22.609-.788-.61-1.533-1.22-6.599-1.593-11.903a279.856 279.856 0 0 1-.258-4.258c-.083-1.513-.124-3.015-.186-4.642 0-1.295-.073-2.631-.104-4.019v-6.91c-.186-36.146 3.64-93.945 16.28-118.612 3.65-7.138 8.036-11.5 13.28-11.759h.6c5.17.27 9.607 4.61 13.269 11.718 12.463 24.574 16.465 82.144 16.238 118.694z"
              fill="#EDEFF9"
            />
            <path
              d="M74.466 141.29c5.81 0 10.519-4.718 10.519-10.536 0-5.819-4.71-10.537-10.519-10.537s-10.518 4.718-10.518 10.537c0 5.818 4.71 10.536 10.518 10.536z"
              fill="#2B303F"
            />
            <path
              d="M74.466 142.833a12.04 12.04 0 0 1-6.7-2.036 12.07 12.07 0 0 1-4.441-5.421 12.098 12.098 0 0 1 2.614-13.164 12.048 12.048 0 0 1 18.555 1.83 12.096 12.096 0 0 1 2.032 6.712 12.1 12.1 0 0 1-3.535 8.538 12.056 12.056 0 0 1-8.524 3.541zm0-21.072a8.983 8.983 0 0 0-8.301 5.544 9.008 9.008 0 0 0 1.94 9.804 8.97 8.97 0 0 0 13.815-1.358 9.003 9.003 0 0 0 1.513-4.997 9.008 9.008 0 0 0-2.628-6.352 8.98 8.98 0 0 0-6.339-2.641z"
              fill="#424956"
            />
            <path
              d="M74.466 110.313c5.81 0 10.519-4.717 10.519-10.536s-4.71-10.536-10.519-10.536-10.518 4.717-10.518 10.536 4.71 10.536 10.518 10.536z"
              fill="#2B303F"
            />
            <path
              d="M74.466 111.888a12.058 12.058 0 0 1-6.706-2.031 12.087 12.087 0 0 1-4.45-5.42 12.11 12.11 0 0 1 2.6-13.177 12.05 12.05 0 0 1 13.148-2.639 12.074 12.074 0 0 1 5.423 4.444 12.105 12.105 0 0 1 2.045 6.712 12.111 12.111 0 0 1-3.527 8.556 12.068 12.068 0 0 1-8.532 3.555zm0-21.072a8.965 8.965 0 0 0-4.99 1.511 9.007 9.007 0 0 0-1.367 13.84 8.97 8.97 0 0 0 13.816-1.369 9.006 9.006 0 0 0 1.508-5 9.005 9.005 0 0 0-2.622-6.362 8.976 8.976 0 0 0-6.345-2.641v.02z"
              fill="#424956"
            />
            <path
              d="M104.388 196.208v3.813c-1.035 3.418-3.848 6.692-8.42 9.324-11.852 6.848-31.027 6.848-42.931 0-4.572-2.653-7.374-5.937-8.42-9.324v-3.803c1.035 3.481 3.828 6.797 8.461 9.48 11.863 6.848 31.08 6.848 42.932 0 4.54-2.714 7.416-6.019 8.378-9.49z"
              fill="#234A6B"
            />
            <path
              d="M104.295 202.238c0 1.388-.073 2.735-.125 4.03-1.158 3.232-3.909 6.309-8.274 8.816-11.852 6.858-31.027 6.858-42.932 0-4.354-2.528-7.105-5.626-8.274-8.879 0-1.295-.072-2.631-.103-4.009 1.034 3.377 3.858 6.589 8.367 9.2 11.863 6.858 31.08 6.858 42.932 0 4.53-2.601 7.323-5.802 8.409-9.158z"
              fill="#234A6B"
            />
            <path
              d="M103.974 191.536c-1.252 3.035-3.941 5.926-8.047 8.288-11.852 6.848-31.027 6.848-42.932 0-4.137-2.404-6.826-5.305-8.077-8.371.083 1.512.165 2.932.258 4.258 1.334 2.859 3.94 5.553 7.82 7.801a41.089 41.089 0 0 0 16.382 4.89c3.094.301 6.21.325 9.308.072a41.454 41.454 0 0 0 17.2-4.962c3.847-2.228 6.443-4.89 7.788-7.718l.3-4.258zM87.964 56.7a46.188 46.188 0 0 1-27.15 0c3.651-7.138 8.037-11.5 13.28-11.758h.6c5.223.31 9.608 4.651 13.27 11.758z"
              fill="#234A6B"
            />
            <path
              d="M77.352 159.43h-5.16v67.868h5.16V159.43z"
              fill="#234A6B"
            />
            <path
              d="m322.068 395.938-59.987-34.695c-4.334-2.507-3.786-6.879 1.21-9.77l38.867-22.47 75.656 43.75-38.867 22.481c-5.006 2.89-12.556 3.201-16.879.704z"
              fill="#D6D8E5"
              opacity=".4"
            />
            <path
              d="m326.443 393.359-59.987-34.706c-4.324-2.497-3.786-6.869 1.21-9.759l38.877-22.471 75.656 43.75-38.826 22.471c-5.047 2.901-12.607 3.212-16.93.715z"
              fill="#BDBEC0"
            />
            <path
              d="M382.189 370.173v-2.289l-3.496 2.02 3.496.269zm-118.66-15.654v-2.331l3.589 1.492-3.589.839z"
              fill="#BDBEC0"
            />
            <path
              d="m326.443 391.059-59.987-34.696c-4.324-2.507-3.786-6.868 1.21-9.759l38.877-22.481 75.656 43.761-38.826 22.47c-5.047 2.891-12.607 3.212-16.93.705z"
              fill="#D6D8E5"
            />
            <path
              d="m306.73 324.227-9.36-31.122 76.483 43.947 8.336 30.832-75.459-43.657z"
              fill="#9EA1AF"
            />
            <path
              d="m379.976 369.158 2.213-1.274-3.299-2.642 1.086 3.916z"
              fill="#9EA1AF"
            />
            <path
              d="m304.32 325.397-9.36-31.121 76.483 43.947 8.522 30.935-75.645-43.761z"
              fill="#BDBEC0"
            />
            <path
              d="M498.512 421.652 202.414 250.391c-4.137-2.404-7.519-8.848-7.519-14.39V6.599c0-5.553 3.372-8.101 7.519-5.698l296.098 171.22c4.137 2.404 7.519 8.847 7.519 14.39v229.401c-.031 5.543-3.382 8.092-7.519 5.74z"
              fill="#C4C7D6"
            />
            <path
              d="m500.001 423.973 3.279-1.896-1.417-9.739-1.862 11.635z"
              fill="#C4C7D6"
            />
            <path
              d="m194.368 2.32 3.227-1.875 4.644 2.663s-4.944.756-5.068.725c-.124-.03-2.803-1.512-2.803-1.512z"
              fill="#BDBEC0"
            />
            <path
              d="m495.761 423.175-296.056-171.22c-4.137-2.403-7.519-8.837-7.519-14.39V8.164c0-5.543 3.361-8.091 7.519-5.688l296.056 171.22c4.137 2.403 7.519 8.847 7.519 14.39v229.422c0 5.522-3.361 8.07-7.519 5.667z"
              fill="#E4E7F2"
            />
            <path
              d="M495.244 423.475 199.177 252.256c-4.137-2.404-7.519-8.848-7.519-14.39V8.464c0-5.542 3.372-8.091 7.519-5.688l296.067 171.272c4.137 2.393 7.519 8.837 7.519 14.39v229.339c0 5.553-3.372 8.102-7.519 5.698z"
              fill="#D6D8E5"
            />
            <path
              d="M498.688 409.52 195.475 234.136l.103-224.75c0-2.3 1.613-3.232 3.599-2.072l296.067 171.21a7.964 7.964 0 0 1 2.538 2.679 7.99 7.99 0 0 1 1.061 3.537l-.155 224.78z"
              fill="#fff"
            />
            <path
              d="m315.159 105.755-97.138-56.172a3.543 3.543 0 0 1-1.468-2.828v-6.786c0-1.036.651-1.585 1.468-1.119l97.138 56.172a3.579 3.579 0 0 1 1.468 2.828v6.786c0 1.088-.661 1.595-1.468 1.119zm-24.946 1.626L218.466 65.89a3.521 3.521 0 0 1-1.479-2.818v-3.378c0-1.036.662-1.595 1.479-1.119l71.747 41.492c.443.325.805.748 1.057 1.237.251.49.385 1.031.391 1.581v3.378c0 1.087-.642 1.595-1.448 1.118zm0 12.795-71.747-41.44a3.521 3.521 0 0 1-1.479-2.818V72.52c0-1.036.662-1.595 1.479-1.119l71.747 41.523a3.537 3.537 0 0 1 1.468 2.818v3.377c-.02 1.057-.662 1.544-1.468 1.057z"
              fill="#F2F2F2"
            />
            <path
              d="M276.674 125.17 218.466 91.5a3.52 3.52 0 0 1-1.479-2.818v-3.378c0-1.036.662-1.595 1.479-1.119l58.208 33.66a3.55 3.55 0 0 1 1.479 2.828v3.378c0 1.087-.662 1.585-1.479 1.119z"
              fill="#234A6B"
            />
            <path
              d="m315.159 240.186-97.138-56.172a3.537 3.537 0 0 1-1.468-2.828V174.4c0-1.088.651-1.585 1.468-1.119l97.138 56.172a3.57 3.57 0 0 1 1.468 2.829v6.785c0 1.088-.661 1.585-1.468 1.119zm-24.946 1.627-71.747-41.44a3.55 3.55 0 0 1-1.479-2.829v-3.377c0-1.088.662-1.585 1.479-1.108l71.747 41.44a3.573 3.573 0 0 1 1.468 2.828v3.377c-.02 1.078-.662 1.575-1.468 1.109zm0 12.805-71.747-41.492a3.547 3.547 0 0 1-1.479-2.818v-3.377c0-1.036.662-1.585 1.479-1.109l71.747 41.44a3.582 3.582 0 0 1 1.468 2.828v3.378c-.02 1.119-.662 1.616-1.468 1.15z"
              fill="#F2F2F2"
            />
            <path
              d="m276.674 259.591-58.208-33.66a3.54 3.54 0 0 1-1.479-2.828v-3.378c0-1.088.662-1.585 1.479-1.108l58.208 33.659a3.562 3.562 0 0 1 1.479 2.829v3.377c0 1.088-.662 1.554-1.479 1.109z"
              fill="#234A6B"
            />
            <path
              d="M341.15 256.866s10.715 9.013 26.187-3.295c11.046-9.075 20.923-3.895 26.425-.787 5.503 3.108 13.446 5.014 28.577 32.385 0 0 4.923 8.578 13.052 13.282 8.129 4.703 12.039 2.403 18.431-7.252 6.391-9.656 10.58-20.347 22.329-13.365v97.063l-136.056-78.601v-40.062l1.055.632z"
              fill="#F5F6FF"
            />
            <path
              d="m311.58 215.716-93.083-53.872a3.547 3.547 0 0 1-1.479-2.828v-53.8c0-1.036.662-1.585 1.479-1.119l93.083 53.872a3.553 3.553 0 0 1 1.479 2.829v53.82c0 1.067-.662 1.564-1.479 1.098z"
              fill="#F2F2F2"
            />
            <path
              d="M340.095 254.607v41.668l136.056 78.674v-97.063m-82.585-24.615v73.825m41.629-27.133v51.2"
              stroke="#F2F2F2"
              stroke-miterlimit="10"
              stroke-width=".31"
            />
            <path
              d="M340.095 256.234c24.139 14.991 27.552-18.897 53.854-3.688 26.301 15.208 22.67 35.027 42.083 46.257 19.413 11.23 19.869-32.634 40.119-20.917"
              stroke="#F2F2F2"
              stroke-miterlimit="10"
              stroke-width="1.53"
            />
            <path
              d="M395.83 257.222c1.251-.723 1.249-3.074-.005-5.249-1.253-2.175-3.284-3.352-4.536-2.628-1.251.724-1.25 3.074.004 5.249s3.285 3.352 4.537 2.628zm84.49 25.74c1.257-.724 1.26-3.082.006-5.267-1.253-2.186-3.289-3.37-4.546-2.647-1.258.724-1.26 3.083-.007 5.268 1.254 2.185 3.29 3.37 4.547 2.646zm-41.129 21.253c1.257-.724 1.26-3.082.006-5.268-1.254-2.185-3.289-3.37-4.547-2.646-1.257.724-1.26 3.082-.006 5.267 1.254 2.186 3.289 3.37 4.547 2.647zm-96.826-44.033c1.252-.724 1.25-3.074-.004-5.249-1.254-2.176-3.285-3.352-4.536-2.628-1.252.723-1.25 3.074.004 5.249s3.285 3.352 4.536 2.628z"
              fill="#234A6B"
            />
            <path
              d="m343.932 184.646-5.575-3.222a3.557 3.557 0 0 1-1.479-2.828V151.66c0-1.088.662-1.585 1.479-1.119l5.575 3.232a3.522 3.522 0 0 1 1.51 2.767v26.987c0 1.088-.693 1.585-1.51 1.119z"
              fill="#F2F2F2"
            />
            <path
              d="m356.819 192.074-5.575-3.232a3.524 3.524 0 0 1-1.479-2.818v-54.908c0-1.036.662-1.595 1.479-1.119l5.575 3.233a3.557 3.557 0 0 1 1.479 2.828v54.908c-.042 1.077-.704 1.575-1.479 1.108z"
              fill="#234A6B"
            />
            <path
              d="m382.458 206.92-5.575-3.222a3.534 3.534 0 0 1-1.078-1.236 3.533 3.533 0 0 1-.401-1.592v-49.562c0-1.088.662-1.585 1.479-1.119l5.575 3.222a3.555 3.555 0 0 1 1.479 2.828v49.573c0 1.088-.662 1.585-1.479 1.108z"
              fill="#F2F2F2"
            />
            <path
              d="m395.303 214.348-5.574-3.222a3.55 3.55 0 0 1-1.479-2.828v-41.067c0-1.036.662-1.585 1.479-1.119l5.574 3.233a3.516 3.516 0 0 1 1.479 2.817v41.068c0 1.098-.662 1.595-1.479 1.118z"
              fill="#234A6B"
            />
            <path
              d="m420.881 229.142-5.585-3.221a3.541 3.541 0 0 1-1.469-2.829v-20.295c0-1.098.652-1.595 1.469-1.119l5.585 3.222a3.573 3.573 0 0 1 1.468 2.828v20.296c0 1.087-.662 1.585-1.468 1.118z"
              fill="#F2F2F2"
            />
            <path
              d="m433.716 236.571-5.534-3.233a3.534 3.534 0 0 1-1.479-2.818v-69.028c0-1.098.662-1.596 1.479-1.119l5.575 3.222a3.535 3.535 0 0 1 1.479 2.828v69.029c-.041 1.088-.703 1.585-1.52 1.119z"
              fill="#234A6B"
            />
            <path
              d="m465.043 254.69-5.574-3.232a3.523 3.523 0 0 1-1.479-2.818v-20.306c0-1.087.662-1.585 1.479-1.118l5.574 3.232a3.514 3.514 0 0 1 1.479 2.828v20.295c0 1.088-.661 1.585-1.479 1.119z"
              fill="#F2F2F2"
            />
            <path
              d="m477.889 262.108-5.575-3.232a3.527 3.527 0 0 1-1.479-2.829v-26.936c0-1.087.662-1.585 1.479-1.118l5.575 3.222a3.552 3.552 0 0 1 1.479 2.828v26.988c0 1.077-.662 1.554-1.479 1.077z"
              fill="#234A6B"
            />
            <path
              d="m108.504 515.928-46.17-26.667c-5.233-3.035-4.581-8.288 1.47-11.81L87.24 463.89c6.04-3.492 15.151-3.906 20.416-.798l46.169 26.708c5.233 3.025 4.582 8.288-1.469 11.8l-23.436 13.562c-6.04 3.439-15.152 3.874-20.416.766z"
              fill="#D6D8E5"
              opacity=".4"
            />
            <path
              d="M177.892 482.641v-64.553l-98.585-11.116v64.957c-.062 1.989 1.034 3.885 3.516 5.294l46.17 26.708c5.233 3.025 14.376 2.642 20.416-.849l23.436-13.562c3.403-1.968 5.099-4.506 4.996-6.879h.051z"
              fill="#D6D8E5"
            />
            <path
              d="M177.83 425.133v-7.045h-7.581l-42.104-24.356c-5.234-3.036-14.377-2.652-20.417.839l-23.436 13.613c-.417.237-.82.497-1.21.777l-3.775-1.937v7.697c-.062 1.969 1.034 3.864 3.516 5.273l46.17 26.698c5.233 3.025 14.376 2.642 20.416-.849l23.436-13.551c3.506-2.072 5.171-4.662 4.975-7.107l.01-.052z"
              fill="#EDF0F9"
            />
            <path
              d="m128.993 438.964-46.17-26.698c-5.233-3.025-4.581-8.288 1.469-11.811l23.436-13.55c6.04-3.502 15.183-3.875 20.416-.85l46.17 26.698c5.233 3.025 4.581 8.288-1.469 11.81l-23.436 13.551c-6.04 3.502-15.183 3.875-20.416.85z"
              fill="#E2E5F2"
            />
            <path
              d="M118.588 402.517v-2.569h-1.572l-.486-.311a11.016 11.016 0 0 0-9.981 0c-.295.172-.576.37-.838.59l-1.23-.279v2.569a3.515 3.515 0 0 0 2.068 2.89 11.003 11.003 0 0 0 9.981 0 3.49 3.49 0 0 0 2.058-2.89z"
              fill="#2E5A80"
            />
            <path
              d="M111.534 404.03c3.896 0 7.054-1.828 7.054-4.082 0-2.255-3.158-4.082-7.054-4.082-3.895 0-7.053 1.827-7.053 4.082 0 2.254 3.158 4.082 7.053 4.082z"
              fill="#234A6B"
            />
            <path
              d="M136.088 413.364a4.14 4.14 0 0 1-1.893 1.999 11.045 11.045 0 0 1-9.97 0 4.14 4.14 0 0 1-1.893-1.999c-.517-1.326.124-2.745 1.893-3.781a11.042 11.042 0 0 1 9.97 0c1.779.984 2.41 2.403 1.893 3.781z"
              fill="#163D5F"
            />
            <path
              d="M136.088 413.364a4.14 4.14 0 0 1-1.893 1.999 11.045 11.045 0 0 1-9.97 0 2.01 2.01 0 0 1 0-4.009 11.054 11.054 0 0 1 9.97 0 4.141 4.141 0 0 1 1.893 2.01z"
              fill="#234A6B"
            />
            <path
              d="M152.667 422.553v-2.569h-1.572l-.486-.311a11.019 11.019 0 0 0-9.981 0 7.1 7.1 0 0 0-.838.58l-1.231-.269v2.569a3.522 3.522 0 0 0 2.069 2.891 11.012 11.012 0 0 0 9.981 0 3.492 3.492 0 0 0 2.058-2.891z"
              fill="#2E5A80"
            />
            <path
              d="M145.613 424.066c3.896 0 7.054-1.828 7.054-4.082 0-2.254-3.158-4.082-7.054-4.082-3.896 0-7.054 1.828-7.054 4.082 0 2.254 3.158 4.082 7.054 4.082z"
              fill="#234A6B"
            />
            <path
              d="M67.537 392.136c-.28 2.414-3.103 12.836-2.544 16.411.558 3.574 10.446 9.541 10.446 9.541l1.365-6.112-5.44-5.346 1.468-10.122-5.295-4.372z"
              fill="#FFCEA9"
            />
            <path
              d="M75.139 381.87a4.283 4.283 0 0 0-5.471 1.647c-1.448 2.403-2.948 10.629-3.103 12.038 0 0 2.068 2.808 5.078 2.342l3.496-16.027z"
              fill="#EDEDED"
            />
            <path
              d="M86.36 498.067c2.14.59 4.426.311 6.361-.777 1.53.052 9.857-3.522 10.984-.528 1.034 2.631-2.617 5.056-4.54 5.522-4.2 1.036-7.302 3.108-8.998 3.481-1.252.259-2.886.435-3.879-.56-1.21-1.181-1.107-5.573.073-7.138z"
              fill="#133858"
            />
            <path
              d="M90.167 505.029c1.696-.352 4.799-2.455 8.998-3.47 1.613-.394 4.395-2.155 4.674-4.269.373 2.414-2.875 4.559-4.674 4.994-4.2 1.036-7.302 3.108-8.998 3.481-1.252.259-2.886.435-3.879-.56a2.318 2.318 0 0 1-.558-1.036 4.995 4.995 0 0 0 4.437.86z"
              fill="#385A76"
            />
            <path
              d="M72.874 491.996a8.417 8.417 0 0 0 6.36-.766c1.531 0 9.847-3.523 10.984-.529 1.034 2.621-2.616 5.046-4.54 5.522-4.2 1.036-7.312 3.108-8.998 3.471-1.262.259-2.886.435-3.889-.549-1.2-1.192-1.096-5.584.083-7.149z"
              fill="#133858"
            />
            <path
              d="M76.68 498.969c1.686-.363 4.799-2.456 8.998-3.481 1.613-.384 4.395-2.155 4.675-4.258.372 2.414-2.875 4.548-4.675 4.993-4.2 1.036-7.312 3.108-8.998 3.471-1.262.259-2.886.435-3.889-.549a2.499 2.499 0 0 1-.548-1.036 5.052 5.052 0 0 0 4.437.86z"
              fill="#385A76"
            />
            <path
              d="M72.708 469.36a51.09 51.09 0 0 1 1.914-9.127s-.57-7.874-.859-15.344c-.32-8.474-3.258-15.933-.94-22.688l26.093 5.812s-1.572 33.784-1.923 37.866a75.773 75.773 0 0 1-1.169 9.49c-1.19 6.557-3.103 22.16-3.103 22.16-2.75 1.605-6.381.714-6.381.714s.207-19.684.382-24.449c.218-5.771.393-5.336.393-5.336l-.868-14.369-.559-7.148s-.724 5.242-1.2 9.935c-.403 4.082-1.385 7.78-2.492 15.385-.952 6.599-2.503 19.86-2.503 19.86-2.761 1.606-6.505.269-6.505.269s-1.024-17.311-.28-23.03z"
              fill="#234A6B"
            />
            <path
              d="M76.535 382.004c1.996.104 3.475.612 3.723 0 .207-1.026.356-2.064.445-3.108-.227-.58-.424-1.201-.424-1.201-2.493-1.534-3.279-4.238-3.61-7.387-.558-5.377 2.338-10.08 7.706-10.64 5.047-.528 8.77 3.025 9.753 7.905.538 2.403 1.603 6.962.165 10.919-.807 2.217-1.84 3.978-2.875 4.32-1-.032-1.999-.122-2.989-.269 0 0-.269 1.492-.455 2.445-.186.953-.114 1.471 1.79 2.642 1.902 1.17-2.886 3.626-5.99 3.387-3.102-.238-6.64-2.123-7.611-4.144-1.107-2.268-1.014-4.931.372-4.869z"
              fill="#FFCEA9"
            />
            <path
              d="M79.39 382.284c-.548 1.378.848 3.108 4.581 4.227 3.734 1.119 4.075-.332 4.075-.332a73.987 73.987 0 0 1 7.24 3.74c2.245 1.575 3.237 6.113 3.537 13.779.352 8.868.383 22.025.083 24.294 0 0-4.137 4.144-9.546 3.74-5.41-.404-14.366-5.18-16.548-8.858.062-7.78.972-9.044-.29-13.519-2.875-10.257-4.385-14.504-2.989-21.269 1.148-5.626 2.762-6.32 4.985-6.268 1.631.066 3.258.221 4.872.466z"
              fill="#F4F4F4"
            />
            <path
              d="M107.263 411.054c-4.406 1.108-5.43-1.668-6.009-3.968-1.407-5.574-2.151-10.598-3.196-13.758-1.23-3.73-2.524-4.32-4.323-5.046-2.069-.859-3.951.943-3.248 5.688a95.17 95.17 0 0 0 4.034 16.193c.548 1.73 1.768 4.807 3.61 6.299 2.264 1.833 5.688 1.761 10.859.476 2.203-.559 4.623-1.875 8.791-3.823 1.117-.518 1.986-.87 4.137-1.875a14.54 14.54 0 0 0 5.513-4.31c1.127-1.636 1.272-2.403 1.034-2.776-.238-.373-.796-.363-1.396.331a12.074 12.074 0 0 1-3.165 2.932s1.386-1.44 2.141-2.372a11.887 11.887 0 0 0 1.665-2.725c.393-.953-.424-2.248-1.034-1.564-.61.684-.921 1.367-2.069 2.735a11.818 11.818 0 0 1-2.068 1.948 21.582 21.582 0 0 0 1.872-3.026 5.033 5.033 0 0 0 .693-2.735c0-.497-.735-1.087-1.396-.145a18.03 18.03 0 0 1-2.359 3.616c-1.034 1.036-1.861 1.637-1.882 1.347-.021-.29.6-.86.962-2.072.362-1.212 0-2.507-.672-2.642-.673-.135-.538-.104-1.035 1.036a33.055 33.055 0 0 0-1.996 3.636 7.577 7.577 0 0 1-1.81 3.108c-1.086 1.161-3.475 2.435-7.653 3.492z"
              fill="#FFCEA9"
            />
            <path
              d="M92.1 387.516c2.938-.435 5.017.891 6.31 5.346a260.795 260.795 0 0 1 2.203 8.07 7.985 7.985 0 0 1-4.913 3.274c-3.517.86-4.779-.829-4.779-.829s-.972-4.662-1.582-7.843c-.61-3.18-.869-7.48 2.762-8.018z"
              fill="#EDEDED"
            />
            <path
              d="M93.942 366.879s4.633-7.066-5.42-8.506c-7.24-1.036-11.904 3.626-12.411 8.692-.517 4.838 2.462 9.863 4.602 11.852a8.74 8.74 0 0 0 6.268-.756c.123-1.316.172-2.637.145-3.958 0 0-3.568-7.459 6.816-7.324z"
              fill="#224A6B"
            />
            <path
              d="M395.686 502.253c14.069 0 25.474-6.596 25.474-14.732s-11.405-14.732-25.474-14.732-25.474 6.596-25.474 14.732 11.405 14.732 25.474 14.732z"
              fill="#D6D8E5"
              opacity=".4"
            />
            <path
              d="M395.469 345.371c1.034-1.688 9.101-2.807 11.749 4.02 1.034 2.59.848 9.21 1.686 13.364.838 4.155 2.813 6.517 3.527 9.884.713 3.367-.445 9.023-8.564 10.028-8.119 1.005-14.355-1.854-16.269-4.444-1.913-2.59-1.954-8.102 0-11.065 1.955-2.963 3.506-5.356 3.455-9.21l4.416-12.577z"
              fill="#224A6B"
            />
            <path
              d="M400.785 344.201s-6.061-1.751-9.732 1.523a9.045 9.045 0 0 0-2.586 8.992c.486 1.917 1.469 4.527 2.989 4.672 1.52.145 9.329-15.187 9.329-15.187z"
              fill="#224A6B"
            />
            <path
              d="M403.102 360.746s-.404 6.754-.279 7.252c.124.497 2.647 1.036 3.361 1.574.713.539-3.672 7.449-5.895 8.464-2.224 1.016-9.123-1.585-9.609-5.014-.434-3.17 1.976-5.625 2.907-6.485a14.22 14.22 0 0 1 1.903-.052l.206-3.274c3.02-.963 7.406-2.465 7.406-2.465zm-16.29 12.773c0-.196-1.034.353-1.034.363 0 .01-.486 17.353-1.334 18.928-2.162 3.678-7.881 9.914-8.026 10.608-.424 2.072.796.218 2.761 0 1.107-.134 7.613-6.723 9.071-8.225l.093.051v-.165l.186-.197c.037-.469.037-.94 0-1.409 2.741-18.845-.589-20.099-1.717-19.954z"
              fill="#FFCEA9"
            />
            <path
              d="M404.022 368.661c1.903.29 4.065 1.305 4.365 2.341a22.534 22.534 0 0 1-.538 11.292c-1.644 4.352-2.751 7.118-3.703 8.993 0 0-8.201 3.522-14.821-.591 0 0-.455-4.662-.486-7.158-6.102-5.336-.879-11.914 4.292-17.022.62-.057 1.243-.057 1.862 0 0 0-4.613 5.47-1.406 8.578 6.877-2.134 8.243-5.242 10.435-6.433z"
              fill="#F4F4F4"
            />
            <path
              d="M390.494 352.364c.673-4.341 3.806-7.625 8.274-7.366a8.59 8.59 0 0 1 4.929 1.893 8.61 8.61 0 0 1 2.895 4.421 8.627 8.627 0 0 1-.231 5.283 8.604 8.604 0 0 1-3.27 4.151 8.405 8.405 0 0 1-.692 1.895c-1.583 1.844-5.792 3.015-7.178 3.036-1.2 0-2.234-1.109-3.362-2.973-2.337-3.885-1.737-8.195-1.365-10.34z"
              fill="#FFCEA9"
            />
            <path
              d="M400.165 345.081c3.102.611 5.709 1.502 6.567 4.579.579 2.134 1.345 6.216.621 7.884l-.455 1.233-3.796 1.969s-1.779-1.482-1.221-5.823a3.113 3.113 0 0 0-.537-1.637 4.997 4.997 0 0 1-.528-1.315 4.928 4.928 0 0 0-2.461-2.673c-2.824-1.585-6.961-.218-7.54.362a8.278 8.278 0 0 1 3.866-3.946 8.26 8.26 0 0 1 5.484-.633z"
              fill="#224A6B"
            />
            <path
              d="M405.873 482.455c-1.592 1.295-4.064.404-4.137.518a66.008 66.008 0 0 1-5.812 4.455c-1.034.777-2.534 1.823-2.255 3.315.497 2.683 4.779 1.865 6.392 1.036 1.613-.829 2.937-2.176 4.468-3.108 1.086-.674 2.162-1.036 2.337-2.404.052-.86-.713-3.843-.993-3.812z"
              fill="#133858"
            />
            <path
              d="M406.804 485.687c-.217 1.326-1.272 1.689-2.358 2.362-1.551.964-2.916 2.362-4.53 3.181-1.613.818-5.223 1.502-6.267-.404.569 2.579 4.778 1.771 6.371.953 1.592-.819 2.937-2.176 4.468-3.108 1.086-.674 2.161-1.036 2.337-2.404a3.75 3.75 0 0 0-.021-.58z"
              fill="#385A76"
            />
            <path
              d="M394.735 480.227c-1.459 1.192-3.651.518-3.755.632a63.21 63.21 0 0 1-5.316 4.062c-.91.714-2.327 1.667-2.068 3.035.455 2.455 4.375 1.699 5.864.953 1.489-.746 2.679-1.999 4.085-2.87 1.034-.621 1.976-.942 2.131-2.206.103-.767-.683-3.637-.941-3.606z"
              fill="#133858"
            />
            <path
              d="M395.665 483.325c-.196 1.212-1.168 1.544-2.161 2.155-1.417.891-2.669 2.165-4.137 2.921-1.469.757-4.778 1.378-5.74-.372.517 2.362 4.375 1.626 5.843.88 1.469-.746 2.679-1.999 4.086-2.87 1.034-.621 1.975-.942 2.13-2.206a2.16 2.16 0 0 0-.021-.508z"
              fill="#385A76"
            />
            <path
              d="M386.171 406.257c.703-5.491 2.72-13.468 2.72-13.468a16.137 16.137 0 0 0 6.071 1.502 49.487 49.487 0 0 0 9.184-.891 54.457 54.457 0 0 0 3.238 5.015c1.582 2.196 4.654 7.003 3.909 15.405-.486 5.491-3.558 28.811-3.558 28.811a43.553 43.553 0 0 1 1.893 12.09 101.04 101.04 0 0 1-1.924 14.504l-1.83 13.23s-2.441 1.771-4.137.518l.217-12.95c-.207-3.17-.528-7.843-.724-10.826-.331-4.87-1.2-12.588-1.448-14.504-.248-1.917-.869-5.305-1.169-9.076-.3-3.771-1.706-22.968-1.706-22.968l-.197 3.595s-.196 5.833-1.034 13.033c-.838 7.2-1.128 10.36-1.128 10.36a15.428 15.428 0 0 1 1.645 4.652c.145 1.554 1.913 13.861.858 20.119l-2.182 15.923a4.13 4.13 0 0 1-3.754.497l-1.283-16.047c-.858-6.102-2.678-19.042-2.958-20.72a69.242 69.242 0 0 1-1.096-10.267c-.455-6.962-.31-22.057.393-27.537z"
              fill="#FFCEA9"
            />
            <path
              d="m404.146 391.287 4.717 9.479s7.239 10.547-.259 37.659l1.396 8.371s-14.107 9.065-23.55 0c0 0-3.268-25.061-1.53-36.613a133.947 133.947 0 0 1 4.395-19.611s2.317 2.559 14.211.87"
              fill="#234A6B"
            />
            <path
              d="M393.132 366.516s-3.744-1.15-7.726 7.169l1.489.891s3.92-5.926 6.237-8.06z"
              fill="#EDEDED"
            />
            <path
              d="m363.893 411.592 16.114-9.375 11.563 6.682-16.114 9.386-11.563-6.693z"
              fill="#F4F4F4"
            />
            <path
              d="M377.928 402.9a7.081 7.081 0 0 0-2.865.933 7.445 7.445 0 0 1-1.034.756c-.155.073-.31.176-.476.249a1.74 1.74 0 0 0-.652.424c-.179.267-.277.58-.279.902a3.737 3.737 0 0 0-.062 1.17c.145.581.745.529 1.034.125a1.23 1.23 0 0 0 .259-.705 1.552 1.552 0 0 1 .683-1.233l3.847-2.393a.454.454 0 0 0-.455-.228zm30.655-28.904c-.527-2.196-2.244-1.492-3.723-2.777-3.423 4.859-1.148 17.996-.683 19.394l-13.155 8.402-.89.549a15.694 15.694 0 0 1-4.892 2.135c-1.313.155-1.996 2.009-3.403 2.175a.55.55 0 0 0-.362.943c.559.539 2.069.093 3.103-1.109a.231.231 0 0 0 0 .083 1.124 1.124 0 0 0 .579.933.598.598 0 0 0 .249.083.446.446 0 0 0 .072.248 1.03 1.03 0 0 0 .786.57 1.036 1.036 0 0 0 1.034.694c.302-.015.587-.145.797-.362a6.923 6.923 0 0 0 2.875-2.072 26.875 26.875 0 0 1 2.13-1.99c3.569-1.543 14.273-6.122 14.749-6.775.745-.984 1.5-18.016.734-21.124z"
              fill="#FFCEA9"
            />
            <path
              d="M409.783 379.891s-4.209 1.885-7.705.124l.507-6.599s.051-3.543 3.206-3.896c3.154-.352 4.809 3.699 3.992 10.371z"
              fill="#EDEDED"
            />
          </g>
          <defs>
            <clippath
              id="a"
            >
              <path
                d="M0 0h506v518H0z"
                fill="#fff"
              />
            </clippath>
          </defs>
        </svg>
      </div>
    </div>
  </div>
</section>
`;
